
> PORVERSE-2026@2.0.0 build
> next build

  Γû▓ Next.js 14.2.18
  - Environments: .env.local
  - Experiments (use with caution):
    ┬╖ turbo

   Creating an optimized production build ...
node.exe :  ΓÜá Compiled with warnings
At line:1 char:1
+ & "C:\Program Files\nodejs/node.exe" "C:\Users\Bogdan\AppData\Roaming ...
+ ~~~~~~~~~~~~~~~~~~~~~~~~~~~~~~~~~~~~~~~~~~~~~~~~~~~~~~~~~~~~~~~~~~~~~
    + CategoryInfo          : NotSpecified: ( ΓÜá Compiled with warnings:String) [], RemoteException
    + FullyQualifiedErrorId : NativeCommandError
 

./node_modules/require-in-the-middle/index.js
Critical dependency: require function is used in a way in which dependencies cannot be statically 
extracted

Import trace for requested module:
./node_modules/require-in-the-middle/index.js
./node_modules/@opentelemetry/instrumentation/build/esm/platform/node/instrumentation.js
./node_modules/@opentelemetry/instrumentation/build/esm/platform/node/index.js
./node_modules/@opentelemetry/instrumentation/build/esm/platform/index.js
./node_modules/@opentelemetry/instrumentation/build/esm/index.js
./node_modules/@sentry/node/build/cjs/integrations/tracing/postgresjs.js
./node_modules/@sentry/node/build/cjs/index.js
./node_modules/@sentry/nextjs/build/cjs/index.server.js
./app/[lang]/portal/[portalId]/page.tsx

./node_modules/require-in-the-middle/index.js
Critical dependency: require function is used in a way in which dependencies cannot be statically 
extracted

Import trace for requested module:
./node_modules/require-in-the-middle/index.js
./node_modules/@opentelemetry/instrumentation/build/esm/platform/node/instrumentation.js
./node_modules/@opentelemetry/instrumentation/build/esm/platform/node/index.js
./node_modules/@opentelemetry/instrumentation/build/esm/platform/index.js
./node_modules/@opentelemetry/instrumentation/build/esm/index.js
./node_modules/@sentry/node/build/cjs/integrations/tracing/postgresjs.js
./node_modules/@sentry/node/build/cjs/index.js
./node_modules/@sentry/nextjs/build/cjs/index.server.js
./app/api/portals/route.ts

   Skipping linting
   Checking validity of types ...
Failed to compile.

./hooks/useLocalization.ts:53:16
Type error: Object is possibly 'undefined'.

[0m [90m 51 |[39m[0m
[0m [90m 52 |[39m [36mfunction[39m normalizeLang(lang[33m?[39m[33m:[39m string)[33m:[39m 
[33mSupported[39m {[0m
[0m[31m[1m>[22m[39m[90m 53 |[39m   [36mconst[39m base [33m=[39m (lang 
[33m?[39m[33m?[39m 
[32m'en'[39m)[33m.[39msplit([32m'-'[39m)[[35m0[39m][33m.[39mtoLowerCase()[0m
[0m [90m    |[39m                [31m[1m^[22m[39m[0m
[0m [90m 54 |[39m   [36mreturn[39m ([33mSUPPORTED[39m[33m.[39mincludes(base [36mas[39m 
any) [33m?[39m base [33m:[39m [32m'en'[39m) [36mas[39m [33mSupported[39m[0m
[0m [90m 55 |[39m }[0m
[0m [90m 56 |[39m[0m
